Microsoft Windows [Version 10.0.26200.7623]
(c) Microsoft Corporation. All rights reserved.

C:\Windows\System32>cd..

C:\Windows>cd /Users

C:\Users>cd C:\Users\xelav

C:\Users\xelav>npm install -g wrangler

changed 34 packages in 7s

6 packages are looking for funding
  run `npm fund` for details

C:\Users\xelav>wrangler login

 â›…ï¸ wrangler 4.61.0
â”€â”€â”€â”€â”€â”€â”€â”€â”€â”€â”€â”€â”€â”€â”€â”€â”€â”€â”€
Attempting to login via OAuth...
Opening a link in your default browser: https://dash.cloudflare.com/oauth2/auth?response_type=code&client_id=54d11594-84e4-41aa-b438-e81b8fa78ee7&redirect_uri=http%3A%2F%2Flocalhost%3A8976%2Foauth%2Fcallback&scope=account%3Aread%20user%3Aread%20workers%3Awrite%20workers_kv%3Awrite%20workers_routes%3Awrite%20workers_scripts%3Awrite%20workers_tail%3Aread%20d1%3Awrite%20pages%3Awrite%20zone%3Aread%20ssl_certs%3Awrite%20ai%3Awrite%20queues%3Awrite%20pipelines%3Awrite%20secrets_store%3Awrite%20containers%3Awrite%20cloudchamber%3Awrite%20connectivity%3Aadmin%20offline_access&state=sWht5gM-YRhYFzxmcO_sooJRwXwKWxsW&code_challenge=zmjODP_HDUdi_1vNscL5t7ojXKEUVVDOl-8DpEXtom4&code_challenge_method=S256
Successfully logged in.

C:\Users\xelav>mkdir feedback-dashboard

C:\Users\xelav>cd feedback-dashboard

C:\Users\xelav\feedback-dashboard>wrangler dev

 â›…ï¸ wrangler 4.61.0
â”€â”€â”€â”€â”€â”€â”€â”€â”€â”€â”€â”€â”€â”€â”€â”€â”€â”€â”€
â–² [WARNING] Processing wrangler.toml configuration:

    - Unexpected fields found in triggers field: "routes"



X [ERROR] Build failed with 1 error:

  X [ERROR] Unexpected end of file in JSON

      package.json:1:0:
        1 â”‚
          â•µ ^




ğŸªµ  Logs were written to "C:\Users\xelav\AppData\Roaming\xdg.config\.wrangler\logs\wrangler-2026-01-28_14-41-15_717.log"
Assertion failed: !(handle->flags & UV_HANDLE_CLOSING), file src\win\async.c, line 76

C:\Users\xelav\feedback-dashboard>wrangler deploy

 â›…ï¸ wrangler 4.61.0
â”€â”€â”€â”€â”€â”€â”€â”€â”€â”€â”€â”€â”€â”€â”€â”€â”€â”€â”€
â–² [WARNING] Processing wrangler.toml configuration:

    - Unexpected fields found in triggers field: "routes"



X [ERROR] Build failed with 1 error:

  X [ERROR] Multiple exports with the same name "default"

      worker.js:89:7:
        89 â”‚ export default {
           â•µ        ~~~~~~~

    The name "default" was originally exported here:

      worker.js:2:7:
        2 â”‚ export default {
          â•µ        ~~~~~~~




ğŸªµ  Logs were written to "C:\Users\xelav\AppData\Roaming\xdg.config\.wrangler\logs\wrangler-2026-01-28_14-44-32_566.log"
Assertion failed: !(handle->flags & UV_HANDLE_CLOSING), file src\win\async.c, line 76

C:\Users\xelav\feedback-dashboard>wrangler dev

 â›…ï¸ wrangler 4.61.0
â”€â”€â”€â”€â”€â”€â”€â”€â”€â”€â”€â”€â”€â”€â”€â”€â”€â”€â”€
â–² [WARNING] Processing wrangler.toml configuration:

    - Unexpected fields found in triggers field: "routes"



X [ERROR] Build failed with 1 error:

  X [ERROR] Multiple exports with the same name "default"

      worker.js:89:7:
        89 â”‚ export default {
           â•µ        ~~~~~~~

    The name "default" was originally exported here:

      worker.js:2:7:
        2 â”‚ export default {
          â•µ        ~~~~~~~




ğŸªµ  Logs were written to "C:\Users\xelav\AppData\Roaming\xdg.config\.wrangler\logs\wrangler-2026-01-28_15-32-55_592.log"
Assertion failed: !(handle->flags & UV_HANDLE_CLOSING), file src\win\async.c, line 76

C:\Users\xelav\feedback-dashboard>wrangler dev

 â›…ï¸ wrangler 4.61.0
â”€â”€â”€â”€â”€â”€â”€â”€â”€â”€â”€â”€â”€â”€â”€â”€â”€â”€â”€
â–² [WARNING] Processing wrangler.toml configuration:

    - Unexpected fields found in triggers field: "routes"


â•­â”€â”€â”€â”€â”€â”€â”€â”€â”€â”€â”€â”€â”€â”€â”€â”€â”€â”€â”€â”€â”€â”€â”€â”€â”€â”€â”€â”€â”€â”€â”€â”€â”€â”€â”€â”€â”€â”€â”€â”€â”€â”€â”€â”€â”€â”€â”€â”€â”€â”€â”€â”€â”€â”€â”€â”€â”€â”€â”€â”€â”€â”€â”€â”€â”€â”€â”€â”€â”€â”€â•®
â”‚  [b] open a browser [d] open devtools [c] clear console [x] to exit  â”‚
â•°â”€â”€â”€â”€â”€â”€â”€â”€â”€â”€â”€â”€â”€â”€â”€â”€â”€â”€â”€â”€â”€â”€â”€â”€â”€â”€â”€â”€â”€â”€â”€â”€â”€â”€â”€â”€â”€â”€â”€â”€â”€â”€â”€â”€â”€â”€â”€â”€â”€â”€â”€â”€â”€â”€â”€â”€â”€â”€â”€â”€â”€â”€â”€â”€â”€â”€â”€â”€â”€â”€â•¯
â” Starting local server...
â” Reloading local server...
â” Local server updated and ready
[wrangler:info] Ready on http://127.0.0.1:8787
[wrangler:error] ReferenceError: HTML_CONTENT is not defined
    at Object.fetch (file:///C:/Users/xelav/feedback-dashboard/worker.js:8:27)
[wrangler:info] GET / 500 Internal Server Error (328ms)
[wrangler:info] GET /favicon.ico 404 Not Found (4ms)
â” Reloading local server...
â” Local server updated and ready
â” Shutting down local server...

C:\Users\xelav\feedback-dashboard>wrangler dev

 â›…ï¸ wrangler 4.61.0
â”€â”€â”€â”€â”€â”€â”€â”€â”€â”€â”€â”€â”€â”€â”€â”€â”€â”€â”€
â–² [WARNING] Processing wrangler.toml configuration:

    - Unexpected fields found in triggers field: "routes"


â•­â”€â”€â”€â”€â”€â”€â”€â”€â”€â”€â”€â”€â”€â”€â”€â”€â”€â”€â”€â”€â”€â”€â”€â”€â”€â”€â”€â”€â”€â”€â”€â”€â”€â”€â”€â”€â”€â”€â”€â”€â”€â”€â”€â”€â”€â”€â”€â”€â”€â”€â”€â”€â”€â”€â”€â”€â”€â”€â”€â”€â”€â”€â”€â”€â”€â”€â”€â”€â”€â”€â•®
â”‚  [b] open a browser [d] open devtools [c] clear console [x] to exit  â”‚
â•°â”€â”€â”€â”€â”€â”€â”€â”€â”€â”€â”€â”€â”€â”€â”€â”€â”€â”€â”€â”€â”€â”€â”€â”€â”€â”€â”€â”€â”€â”€â”€â”€â”€â”€â”€â”€â”€â”€â”€â”€â”€â”€â”€â”€â”€â”€â”€â”€â”€â”€â”€â”€â”€â”€â”€â”€â”€â”€â”€â”€â”€â”€â”€â”€â”€â”€â”€â”€â”€â”€â•¯
â” Starting local server...
[wrangler:info] Ready on http://127.0.0.1:8787

X [ERROR] Build failed with 1 error:

  X [ERROR] Syntax error "`"

      src/index.js:253:28:
        253 â”‚     topSource: topSource ? \`\${topSource[0]} (\${topSource[1]})\...
            â•µ                             ^




ğŸªµ  Logs were written to "C:\Users\xelav\AppData\Roaming\xdg.config\.wrangler\logs\wrangler-2026-01-28_16-00-10_007.log"

C:\Users\xelav\feedback-dashboard>wrangler dev

 â›…ï¸ wrangler 4.61.0
â”€â”€â”€â”€â”€â”€â”€â”€â”€â”€â”€â”€â”€â”€â”€â”€â”€â”€â”€

X [ERROR] Build failed with 1 error:

  X [ERROR] Syntax error "`"

      src/index.js:253:28:
        253 â”‚     topSource: topSource ? \`\${topSource[0]} (\${topSource[1]})\...
            â•µ                             ^




ğŸªµ  Logs were written to "C:\Users\xelav\AppData\Roaming\xdg.config\.wrangler\logs\wrangler-2026-01-28_16-04-15_914.log"
Assertion failed: !(handle->flags & UV_HANDLE_CLOSING), file src\win\async.c, line 76

C:\Users\xelav\feedback-dashboard>X [ERROR] Build failed with 1 error:
'X' is not recognized as an internal or external command,
operable program or batch file.

C:\Users\xelav\feedback-dashboard>
C:\Users\xelav\feedback-dashboard>  X [ERROR] Syntax error "`"
'X' is not recognized as an internal or external command,
operable program or batch file.

C:\Users\xelav\feedback-dashboard>
C:\Users\xelav\feedback-dashboard>      src/index.js:253:28:
'src' is not recognized as an internal or external command,
operable program or batch file.

C:\Users\xelav\feedback-dashboard># 1. Create the corrected src/index.js
'#' is not recognized as an internal or external command,
operable program or batch file.

C:\Users\xelav\feedback-dashboard>$code = @'
'$code' is not recognized as an internal or external command,
operable program or batch file.

C:\Users\xelav\feedback-dashboard>export default {
'export' is not recognized as an internal or external command,
operable program or batch file.

C:\Users\xelav\feedback-dashboard>  async fetch(request, env, ctx) {
'async' is not recognized as an internal or external command,
operable program or batch file.

C:\Users\xelav\feedback-dashboard>    const url = new URL(request.url);
'const' is not recognized as an internal or external command,
operable program or batch file.

C:\Users\xelav\feedback-dashboard>
C:\Users\xelav\feedback-dashboard>    // Serve dashboard HTML
'//' is not recognized as an internal or external command,
operable program or batch file.

C:\Users\xelav\feedback-dashboard>    if (url.pathname === '/' || url.pathname === '/dashboard') {

C:\Users\xelav\feedback-dashboard>      return new Response(await getDashboardHTML(), {
'return' is not recognized as an internal or external command,
operable program or batch file.

C:\Users\xelav\feedback-dashboard>        headers: { 'Content-Type': 'text/html' }
'headers:' is not recognized as an internal or external command,
operable program or batch file.

C:\Users\xelav\feedback-dashboard>      });
'})' is not recognized as an internal or external command,
operable program or batch file.

C:\Users\xelav\feedback-dashboard>    }
'}' is not recognized as an internal or external command,
operable program or batch file.

C:\Users\xelav\feedback-dashboard>
C:\Users\xelav\feedback-dashboard>    // API endpoints
'//' is not recognized as an internal or external command,
operable program or batch file.

C:\Users\xelav\feedback-dashboard>    if (url.pathname === '/api/feedback' && request.method === 'GET') {

C:\Users\xelav\feedback-dashboard>      return await handleGetFeedback(env);
'return' is not recognized as an internal or external command,
operable program or batch file.

C:\Users\xelav\feedback-dashboard>    }
'}' is not recognized as an internal or external command,
operable program or batch file.

C:\Users\xelav\feedback-dashboard>
C:\Users\xelav\feedback-dashboard>    if (url.pathname === '/api/feedback' && request.method === 'POST') {

C:\Users\xelav\feedback-dashboard>      return await handlePostFeedback(request, env);
'return' is not recognized as an internal or external command,
operable program or batch file.

C:\Users\xelav\feedback-dashboard>    }
'}' is not recognized as an internal or external command,
operable program or batch file.

C:\Users\xelav\feedback-dashboard>
C:\Users\xelav\feedback-dashboard>    if (url.pathname === '/api/analyze' && request.method === 'GET') {

C:\Users\xelav\feedback-dashboard>      return await handleAnalyzeFeedback(env);
'return' is not recognized as an internal or external command,
operable program or batch file.

C:\Users\xelav\feedback-dashboard>    }
'}' is not recognized as an internal or external command,
operable program or batch file.

C:\Users\xelav\feedback-dashboard>
C:\Users\xelav\feedback-dashboard>    return new Response('Not Found', { status: 404 });
'return' is not recognized as an internal or external command,
operable program or batch file.

C:\Users\xelav\feedback-dashboard>  }
'}' is not recognized as an internal or external command,
operable program or batch file.

C:\Users\xelav\feedback-dashboard>};
'}' is not recognized as an internal or external command,
operable program or batch file.

C:\Users\xelav\feedback-dashboard>
C:\Users\xelav\feedback-dashboard>// Simple feedback storage (in-memory for prototype)
'//' is not recognized as an internal or external command,
operable program or batch file.

C:\Users\xelav\feedback-dashboard>let feedbackData = [];
'let' is not recognized as an internal or external command,
operable program or batch file.

C:\Users\xelav\feedback-dashboard>
C:\Users\xelav\feedback-dashboard>// Dashboard HTML
'//' is not recognized as an internal or external command,
operable program or batch file.

C:\Users\xelav\feedback-dashboard>async function getDashboardHTML() {
'async' is not recognized as an internal or external command,
operable program or batch file.

C:\Users\xelav\feedback-dashboard>  return '<!DOCTYPE html><html><head><title>Feedback Dashboard</title><style>body{font-family:Arial;margin:40px;background:#f0f2f5;}.container{max-width:1200px;margin:0 auto;}.card{background:white;padding:20px;margin:20px 0;border-radius:8px;box-shadow:0 2px 8px rgba(0,0,0,0.1);}button{background:#4a6fa5;color:white;border:none;padding:10px 20px;border-radius:4px;cursor:pointer;}</style></head><body><div class="container"><h1>Feedback Aggregator Dashboard</h1><div class="card"><h3>Total Feedback: <span id="totalCount">0</span></h3><div id="feedbackList"><p>No feedback yet</p></div></div><div class="card"><button onclick="addMockFeedback()">Add Mock Feedback</button></div></div><script>async function loadData(){const res=await fetch("/api/feedback");const data=await res.json();document.getElementById("totalCount").textContent=data.length;let html="";data.forEach(item=>{html+="<p><strong>"+item.source+"</strong>: "+item.text+"</p>";});document.getElementById("feedbackList").innerHTML=html;}async function addMockFeedback(){const sources=["GitHub","Discord","Email","Twitter"];const texts=["Great product!","Need improvement"];await fetch("/api/feedback",{method:"POST",headers:{"Content-Type":"application/json"},body:JSON.stringify({source:sources[Math.floor(Math.random()*sources.length)],text:texts[Math.floor(Math.random()*texts.length)],sentiment:"positive",urgency:1,timestamp:new Date().toISOString()})});loadData();}loadData();</script></body></html>';
< was unexpected at this time.

C:\Users\xelav\feedback-dashboard>}
'}' is not recognized as an internal or external command,
operable program or batch file.

C:\Users\xelav\feedback-dashboard>
C:\Users\xelav\feedback-dashboard>async function handleGetFeedback(env) {
'async' is not recognized as an internal or external command,
operable program or batch file.

C:\Users\xelav\feedback-dashboard>  return new Response(JSON.stringify(feedbackData), {
'return' is not recognized as an internal or external command,
operable program or batch file.

C:\Users\xelav\feedback-dashboard>    headers: {
'headers:' is not recognized as an internal or external command,
operable program or batch file.

C:\Users\xelav\feedback-dashboard>      'Content-Type': 'application/json',
''Content-Type':' is not recognized as an internal or external command,
operable program or batch file.

C:\Users\xelav\feedback-dashboard>      'Access-Control-Allow-Origin': '*'
''Access-Control-Allow-Origin':' is not recognized as an internal or external command,
operable program or batch file.

C:\Users\xelav\feedback-dashboard>    }
'}' is not recognized as an internal or external command,
operable program or batch file.

C:\Users\xelav\feedback-dashboard>  });
'})' is not recognized as an internal or external command,
operable program or batch file.

C:\Users\xelav\feedback-dashboard>}
'}' is not recognized as an internal or external command,
operable program or batch file.

C:\Users\xelav\feedback-dashboard>
C:\Users\xelav\feedback-dashboard>async function handlePostFeedback(request, env) {
'async' is not recognized as an internal or external command,
operable program or batch file.

C:\Users\xelav\feedback-dashboard>  const data = await request.json();
'const' is not recognized as an internal or external command,
operable program or batch file.

C:\Users\xelav\feedback-dashboard>  const id = Date.now().toString() + Math.random().toString(36).substr(2, 9);
'const' is not recognized as an internal or external command,
operable program or batch file.

C:\Users\xelav\feedback-dashboard>
C:\Users\xelav\feedback-dashboard>  const feedbackItem = {
'const' is not recognized as an internal or external command,
operable program or batch file.

C:\Users\xelav\feedback-dashboard>    id,
'id' is not recognized as an internal or external command,
operable program or batch file.

C:\Users\xelav\feedback-dashboard>    ...data,
'...data' is not recognized as an internal or external command,
operable program or batch file.

C:\Users\xelav\feedback-dashboard>    timestamp: data.timestamp || new Date().toISOString()
'timestamp:' is not recognized as an internal or external command,
operable program or batch file.
'new' is not recognized as an internal or external command,
operable program or batch file.

C:\Users\xelav\feedback-dashboard>  };
'}' is not recognized as an internal or external command,
operable program or batch file.

C:\Users\xelav\feedback-dashboard>
C:\Users\xelav\feedback-dashboard>  feedbackData.push(feedbackItem);
'feedbackData.push' is not recognized as an internal or external command,
operable program or batch file.

C:\Users\xelav\feedback-dashboard>
C:\Users\xelav\feedback-dashboard>  return new Response(JSON.stringify({ success: true, id }), {
'return' is not recognized as an internal or external command,
operable program or batch file.

C:\Users\xelav\feedback-dashboard>    headers: {
'headers:' is not recognized as an internal or external command,
operable program or batch file.

C:\Users\xelav\feedback-dashboard>      'Content-Type': 'application/json',
''Content-Type':' is not recognized as an internal or external command,
operable program or batch file.

C:\Users\xelav\feedback-dashboard>      'Access-Control-Allow-Origin': '*'
''Access-Control-Allow-Origin':' is not recognized as an internal or external command,
operable program or batch file.

C:\Users\xelav\feedback-dashboard>    }
'}' is not recognized as an internal or external command,
operable program or batch file.

C:\Users\xelav\feedback-dashboard>  });
'})' is not recognized as an internal or external command,
operable program or batch file.

C:\Users\xelav\feedback-dashboard>}
'}' is not recognized as an internal or external command,
operable program or batch file.

C:\Users\xelav\feedback-dashboard>
C:\Users\xelav\feedback-dashboard>async function handleAnalyzeFeedback(env) {
'async' is not recognized as an internal or external command,
operable program or batch file.

C:\Users\xelav\feedback-dashboard>  return new Response(JSON.stringify({
'return' is not recognized as an internal or external command,
operable program or batch file.

C:\Users\xelav\feedback-dashboard>    total: feedbackData.length,
'total:' is not recognized as an internal or external command,
operable program or batch file.

C:\Users\xelav\feedback-dashboard>    avgSentiment: 0.5,
'avgSentiment:' is not recognized as an internal or external command,
operable program or batch file.

C:\Users\xelav\feedback-dashboard>    topSource: 'GitHub'
'topSource:' is not recognized as an internal or external command,
operable program or batch file.

C:\Users\xelav\feedback-dashboard>  }), {
'})' is not recognized as an internal or external command,
operable program or batch file.

C:\Users\xelav\feedback-dashboard>    headers: {
'headers:' is not recognized as an internal or external command,
operable program or batch file.

C:\Users\xelav\feedback-dashboard>      'Content-Type': 'application/json',
''Content-Type':' is not recognized as an internal or external command,
operable program or batch file.

C:\Users\xelav\feedback-dashboard>      'Access-Control-Allow-Origin': '*'
''Access-Control-Allow-Origin':' is not recognized as an internal or external command,
operable program or batch file.

C:\Users\xelav\feedback-dashboard>    }
'}' is not recognized as an internal or external command,
operable program or batch file.

C:\Users\xelav\feedback-dashboard>  });
'})' is not recognized as an internal or external command,
operable program or batch file.

C:\Users\xelav\feedback-dashboard>}
'}' is not recognized as an internal or external command,
operable program or batch file.

C:\Users\xelav\feedback-dashboard>'@
''@' is not recognized as an internal or external command,
operable program or batch file.

C:\Users\xelav\feedback-dashboard>
C:\Users\xelav\feedback-dashboard>$code | Out-File -FilePath "src/index.js" -Force
'$code' is not recognized as an internal or external command,
operable program or batch file.

C:\Users\xelav\feedback-dashboard>
C:\Users\xelav\feedback-dashboard># 2. Create simple wrangler.toml
'#' is not recognized as an internal or external command,
operable program or batch file.

C:\Users\xelav\feedback-dashboard>@'
''' is not recognized as an internal or external command,
operable program or batch file.

C:\Users\xelav\feedback-dashboard>name = "feedback-dashboard"
'name' is not recognized as an internal or external command,
operable program or batch file.

C:\Users\xelav\feedback-dashboard>main = "src/index.js"
'main' is not recognized as an internal or external command,
operable program or batch file.

C:\Users\xelav\feedback-dashboard>compatibility_date = "2024-01-01"
'compatibility_date' is not recognized as an internal or external command,
operable program or batch file.

C:\Users\xelav\feedback-dashboard>workers_dev = true
'workers_dev' is not recognized as an internal or external command,
operable program or batch file.

C:\Users\xelav\feedback-dashboard>'@ | Out-File -FilePath "wrangler.toml" -Force
''@' is not recognized as an internal or external command,
operable program or batch file.

C:\Users\xelav\feedback-dashboard>
C:\Users\xelav\feedback-dashboard># 3. Run it
'#' is not recognized as an internal or external command,
operable program or batch file.

C:\Users\xelav\feedback-dashboard>wrangler dev

 â›…ï¸ wrangler 4.61.0
â”€â”€â”€â”€â”€â”€â”€â”€â”€â”€â”€â”€â”€â”€â”€â”€â”€â”€â”€

X [ERROR] Build failed with 1 error:

  X [ERROR] Syntax error "`"

      src/index.js:253:28:
        253 â”‚     topSource: topSource ? \`\${topSource[0]} (\${topSource[1]})\...
            â•µ                             ^




ğŸªµ  Logs were written to "C:\Users\xelav\AppData\Roaming\xdg.config\.wrangler\logs\wrangler-2026-01-28_16-09-41_842.log"
Assertion failed: !(handle->flags & UV_HANDLE_CLOSING), file src\win\async.c, line 76

C:\Users\xelav\feedback-dashboard>wrangler dev

 â›…ï¸ wrangler 4.61.0
â”€â”€â”€â”€â”€â”€â”€â”€â”€â”€â”€â”€â”€â”€â”€â”€â”€â”€â”€

X [ERROR] Build failed with 1 error:

  X [ERROR] Syntax error "`"

      src/index.js:253:28:
        253 â”‚     topSource: topSource ? \`\${topSource[0]} (\${topSource[1]})\...
            â•µ                             ^




ğŸªµ  Logs were written to "C:\Users\xelav\AppData\Roaming\xdg.config\.wrangler\logs\wrangler-2026-01-28_16-10-06_609.log"
Assertion failed: !(handle->flags & UV_HANDLE_CLOSING), file src\win\async.c, line 76

C:\Users\xelav\feedback-dashboard>wrangler def

X [ERROR] Unknown argument: def


wrangler

COMMANDS
  wrangler docs [search..]        ğŸ“š Open Wrangler's command documentation in your browser
  wrangler complete [shell]       âŒ¨ï¸ Generate and handle shell completions

ACCOUNT
  wrangler auth                   ğŸ” Manage authentication
  wrangler login                  ğŸ”“ Login to Cloudflare
  wrangler logout                 ğŸšª Logout from Cloudflare
  wrangler whoami                 ğŸ•µï¸ Retrieve your user information

COMPUTE & AI
  wrangler ai                     ğŸ¤– Manage AI models
  wrangler containers             ğŸ“¦ Manage Containers [open beta]
  wrangler delete [name]          ğŸ—‘ï¸ Delete a Worker from Cloudflare
  wrangler deploy [script]        ğŸ†™ Deploy a Worker to Cloudflare
  wrangler deployments            ğŸš¢ List and view the current and past deployments for your Worker
  wrangler dev [script]           ğŸ‘‚ Start a local server for developing your Worker
  wrangler dispatch-namespace     ğŸ—ï¸ Manage dispatch namespaces
  wrangler init [name]            ğŸ“¥ Initialize a basic Worker
  wrangler pages                  âš¡ï¸ Configure Cloudflare Pages
  wrangler pubsub                 ğŸ“® Manage Pub/Sub brokers [private beta]
  wrangler queues                 ğŸ“¬ Manage Workers Queues
  wrangler rollback [version-id]  ğŸ”™ Rollback a deployment for a Worker
  wrangler secret                 ğŸ¤« Generate a secret that can be referenced in a Worker
  wrangler setup                  ğŸª„ Setup a project to work on Cloudflare [experimental]
  wrangler tail [worker]          ğŸ¦š Start a log tailing session for a Worker
  wrangler triggers               ğŸ¯ Updates the triggers of your current deployment [experimental]
  wrangler types [path]           ğŸ“ Generate types from your Worker configuration
  wrangler versions               ğŸ«§ List, view, upload and deploy Versions of your Worker to Cloudflare
  wrangler vpc                    ğŸŒ Manage VPC [open beta]
  wrangler workflows              ğŸ” Manage Workflows

STORAGE & DATABASES
  wrangler d1                     ğŸ—„ï¸ Manage Workers D1 databases
  wrangler hyperdrive             ğŸš€ Manage Hyperdrive databases
  wrangler kv                     ğŸ—‚ï¸ Manage Workers KV Namespaces
  wrangler pipelines              ğŸš° Manage Cloudflare Pipelines [open beta]
  wrangler r2                     ğŸ“¦ Manage R2 buckets & objects
  wrangler secrets-store          ğŸ” Manage the Secrets Store [open beta]
  wrangler vectorize              ğŸ§® Manage Vectorize indexes

NETWORKING & SECURITY
  wrangler cert                   ğŸªª Manage client mTLS certificates and CA certificate chains used for secured connections [open beta]
  wrangler mtls-certificate       ğŸªª Manage certificates used for mTLS connections

GLOBAL FLAGS
  -c, --config    Path to Wrangler configuration file  [string]
      --cwd       Run as if Wrangler was started in the specified directory instead of the current working directory  [string]
  -e, --env       Environment to use for operations, and for selecting .env and .dev.vars files  [string]
      --env-file  Path to an .env file to load - can be specified multiple times - values from earlier files are overridden by values in later files  [array]
  -h, --help      Show help  [boolean]
  -v, --version   Show version number  [boolean]

Please report any issues to https://github.com/cloudflare/workers-sdk/issues/new/choose
ğŸªµ  Logs were written to "C:\Users\xelav\AppData\Roaming\xdg.config\.wrangler\logs\wrangler-2026-01-28_16-10-33_303.log"
Assertion failed: !(handle->flags & UV_HANDLE_CLOSING), file src\win\async.c, line 76

C:\Users\xelav\feedback-dashboard>wrangler dev

 â›…ï¸ wrangler 4.61.0
â”€â”€â”€â”€â”€â”€â”€â”€â”€â”€â”€â”€â”€â”€â”€â”€â”€â”€â”€

X [ERROR] Build failed with 1 error:

  X [ERROR] Syntax error "`"

      src/index.js:253:28:
        253 â”‚     topSource: topSource ? \`\${topSource[0]} (\${topSource[1]})\...
            â•µ                             ^




ğŸªµ  Logs were written to "C:\Users\xelav\AppData\Roaming\xdg.config\.wrangler\logs\wrangler-2026-01-28_16-10-37_699.log"
Assertion failed: !(handle->flags & UV_HANDLE_CLOSING), file src\win\async.c, line 76

C:\Users\xelav\feedback-dashboard>wrangler dev

 â›…ï¸ wrangler 4.61.0
â”€â”€â”€â”€â”€â”€â”€â”€â”€â”€â”€â”€â”€â”€â”€â”€â”€â”€â”€
Your Worker has access to the following bindings:
Binding                              Resource          Mode
env.FEEDBACK_KV (feedback_data)      KV Namespace      local

â•­â”€â”€â”€â”€â”€â”€â”€â”€â”€â”€â”€â”€â”€â”€â”€â”€â”€â”€â”€â”€â”€â”€â”€â”€â”€â”€â”€â”€â”€â”€â”€â”€â”€â”€â”€â”€â”€â”€â”€â”€â”€â”€â”€â”€â”€â”€â”€â”€â”€â”€â”€â”€â”€â”€â”€â”€â”€â”€â”€â”€â”€â”€â”€â”€â”€â”€â”€â”€â”€â”€â•®
â”‚  [b] open a browser [d] open devtools [c] clear console [x] to exit  â”‚
â•°â”€â”€â”€â”€â”€â”€â”€â”€â”€â”€â”€â”€â”€â”€â”€â”€â”€â”€â”€â”€â”€â”€â”€â”€â”€â”€â”€â”€â”€â”€â”€â”€â”€â”€â”€â”€â”€â”€â”€â”€â”€â”€â”€â”€â”€â”€â”€â”€â”€â”€â”€â”€â”€â”€â”€â”€â”€â”€â”€â”€â”€â”€â”€â”€â”€â”€â”€â”€â”€â”€â•¯
â” Starting local server...
[wrangler:info] Ready on http://127.0.0.1:8787
[wrangler:info] GET / 200 OK (15ms)
[wrangler:info] GET /api/analyze 200 OK (5ms)
[wrangler:info] GET /api/feedback 200 OK (5ms)
[wrangler:info] GET /api/analyze 200 OK (4ms)
[wrangler:info] GET /api/feedback 200 OK (4ms)
[wrangler:info] POST /api/feedback 200 OK (18ms)
[wrangler:info] GET /api/analyze 200 OK (4ms)
[wrangler:info] GET /api/feedback 200 OK (3ms)
[wrangler:info] POST /api/feedback 200 OK (3ms)
[wrangler:info] GET /api/analyze 200 OK (4ms)
[wrangler:info] GET /api/feedback 200 OK (2ms)
[wrangler:info] POST /api/feedback 200 OK (3ms)
[wrangler:info] POST /api/feedback 200 OK (4ms)
[wrangler:info] GET /api/analyze 200 OK (4ms)
[wrangler:info] GET /api/analyze 200 OK (7ms)
[wrangler:info] POST /api/feedback 200 OK (5ms)
[wrangler:info] GET /api/feedback 200 OK (5ms)
[wrangler:info] GET /api/feedback 200 OK (9ms)
[wrangler:info] GET /api/analyze 200 OK (7ms)
[wrangler:info] POST /api/feedback 200 OK (9ms)
[wrangler:info] GET /api/analyze 200 OK (4ms)
[wrangler:info] POST /api/feedback 200 OK (6ms)
[wrangler:info] GET /api/feedback 200 OK (7ms)
[wrangler:info] GET /api/analyze 200 OK (5ms)
[wrangler:info] GET /api/feedback 200 OK (3ms)
[wrangler:info] GET /api/feedback 200 OK (3ms)
[wrangler:info] POST /api/feedback 200 OK (9ms)
[wrangler:info] GET /api/analyze 200 OK (3ms)
[wrangler:info] GET /api/feedback 200 OK (3ms)
[wrangler:info] POST /api/feedback 200 OK (3ms)
[wrangler:info] POST /api/feedback 200 OK (7ms)
[wrangler:info] GET /api/analyze 200 OK (4ms)
[wrangler:info] GET /api/analyze 200 OK (3ms)
[wrangler:info] GET /api/feedback 200 OK (5ms)
[wrangler:info] POST /api/feedback 200 OK (5ms)
[wrangler:info] GET /api/feedback 200 OK (4ms)
[wrangler:info] POST /api/feedback 200 OK (4ms)
[wrangler:info] GET /api/analyze 200 OK (4ms)
[wrangler:info] GET /api/analyze 200 OK (3ms)
[wrangler:info] POST /api/feedback 200 OK (8ms)
[wrangler:info] GET /api/feedback 200 OK (6ms)
[wrangler:info] GET /api/feedback 200 OK (3ms)
[wrangler:info] GET /api/analyze 200 OK (3ms)
[wrangler:info] GET /api/feedback 200 OK (6ms)
[wrangler:info] GET /api/analyze 200 OK (2ms)
[wrangler:info] GET /api/feedback 200 OK (3ms)
X [ERROR] Build failed with 1 error:

  X [ERROR] Syntax error "p"

      src/index.js:349:15:
        349 â”‚         top: 20px;
            â•µ                ^




â” Shutting down local server...
ğŸªµ  Logs were written to "C:\Users\xelav\AppData\Roaming\xdg.config\.wrangler\logs\wrangler-2026-01-28_16-25-27_514.log"

C:\Users\xelav\feedback-dashboard>wrangler dev

 â›…ï¸ wrangler 4.61.0
â”€â”€â”€â”€â”€â”€â”€â”€â”€â”€â”€â”€â”€â”€â”€â”€â”€â”€â”€

X [ERROR] Build failed with 1 error:

  X [ERROR] Syntax error "p"

      src/index.js:349:15:
        349 â”‚         top: 20px;
            â•µ                ^




ğŸªµ  Logs were written to "C:\Users\xelav\AppData\Roaming\xdg.config\.wrangler\logs\wrangler-2026-01-28_17-00-16_366.log"
Assertion failed: !(handle->flags & UV_HANDLE_CLOSING), file src\win\async.c, line 76

C:\Users\xelav\feedback-dashboard>wrangler dev

 â›…ï¸ wrangler 4.61.0
â”€â”€â”€â”€â”€â”€â”€â”€â”€â”€â”€â”€â”€â”€â”€â”€â”€â”€â”€
Your Worker has access to the following bindings:
Binding                              Resource          Mode
env.FEEDBACK_KV (feedback_data)      KV Namespace      local

â•­â”€â”€â”€â”€â”€â”€â”€â”€â”€â”€â”€â”€â”€â”€â”€â”€â”€â”€â”€â”€â”€â”€â”€â”€â”€â”€â”€â”€â”€â”€â”€â”€â”€â”€â”€â”€â”€â”€â”€â”€â”€â”€â”€â”€â”€â”€â”€â”€â”€â”€â”€â”€â”€â”€â”€â”€â”€â”€â”€â”€â”€â”€â”€â”€â”€â”€â”€â”€â”€â”€â•®
â”‚  [b] open a browser [d] open devtools [c] clear console [x] to exit  â”‚
â•°â”€â”€â”€â”€â”€â”€â”€â”€â”€â”€â”€â”€â”€â”€â”€â”€â”€â”€â”€â”€â”€â”€â”€â”€â”€â”€â”€â”€â”€â”€â”€â”€â”€â”€â”€â”€â”€â”€â”€â”€â”€â”€â”€â”€â”€â”€â”€â”€â”€â”€â”€â”€â”€â”€â”€â”€â”€â”€â”€â”€â”€â”€â”€â”€â”€â”€â”€â”€â”€â”€â•¯
â” Starting local server...
[wrangler:info] Ready on http://127.0.0.1:8787
[wrangler:info] GET / 200 OK (12ms)
[wrangler:info] GET /api/analyze 200 OK (3ms)
[wrangler:info] GET /api/feedback 200 OK (5ms)
[wrangler:info] POST /api/feedback 200 OK (4ms)
[wrangler:info] GET /api/analyze 200 OK (5ms)
[wrangler:info] GET /api/feedback 200 OK (3ms)
[wrangler:info] POST /api/feedback 200 OK (3ms)
[wrangler:info] GET /api/analyze 200 OK (3ms)
[wrangler:info] GET /api/feedback 200 OK (4ms)
[wrangler:info] POST /api/feedback 200 OK (3ms)
[wrangler:info] GET /api/analyze 200 OK (3ms)
[wrangler:info] GET /api/feedback 200 OK (3ms)
[wrangler:info] GET /api/analyze 200 OK (2ms)
[wrangler:info] GET /api/feedback 200 OK (4ms)
[wrangler:info] POST /api/feedback 200 OK (6ms)
[wrangler:info] GET /api/analyze 200 OK (4ms)
[wrangler:info] GET /api/feedback 200 OK (3ms)
[wrangler:info] POST /api/feedback 200 OK (2ms)
[wrangler:info] GET /api/analyze 200 OK (4ms)
[wrangler:info] GET /api/feedback 200 OK (6ms)
[wrangler:info] POST /api/feedback 200 OK (2ms)
[wrangler:info] GET /api/analyze 200 OK (3ms)
[wrangler:info] GET /api/feedback 200 OK (3ms)
[wrangler:info] POST /api/feedback 200 OK (4ms)
[wrangler:info] GET /api/analyze 200 OK (4ms)
[wrangler:info] GET /api/feedback 200 OK (4ms)
[wrangler:info] POST /api/feedback 200 OK (4ms)
[wrangler:info] GET /api/analyze 200 OK (3ms)
[wrangler:info] GET /api/feedback 200 OK (5ms)
[wrangler:info] POST /api/feedback 200 OK (4ms)
[wrangler:info] GET /api/analyze 200 OK (9ms)
[wrangler:info] GET /api/feedback 200 OK (3ms)
[wrangler:info] POST /api/feedback 200 OK (3ms)
[wrangler:info] GET /api/analyze 200 OK (4ms)
[wrangler:info] GET /api/feedback 200 OK (3ms)
[wrangler:info] POST /api/feedback 200 OK (2ms)
[wrangler:info] GET /api/analyze 200 OK (3ms)
[wrangler:info] GET /api/feedback 200 OK (3ms)
[wrangler:info] POST /api/feedback 200 OK (4ms)
[wrangler:info] GET /api/analyze 200 OK (3ms)
[wrangler:info] GET /api/feedback 200 OK (3ms)
[wrangler:info] POST /api/feedback 200 OK (2ms)
[wrangler:info] GET /api/analyze 200 OK (3ms)
[wrangler:info] GET /api/feedback 200 OK (8ms)
[wrangler:info] GET /api/analyze 200 OK (2ms)
[wrangler:info] GET /api/feedback 200 OK (3ms)
[wrangler:info] GET /api/analyze 200 OK (4ms)
[wrangler:info] GET /api/feedback 200 OK (4ms)
[wrangler:info] GET /api/feedback 200 OK (6ms)
[wrangler:info] GET / 200 OK (4ms)
[wrangler:info] GET /api/analyze 200 OK (3ms)
[wrangler:info] GET /api/feedback 200 OK (3ms)
[wrangler:info] GET /api/analyze 200 OK (4ms)
[wrangler:info] GET /api/feedback 200 OK (3ms)
â” Shutting down local server...

C:\Users\xelav\feedback-dashboard>wrangler deploy

 â›…ï¸ wrangler 4.61.0
â”€â”€â”€â”€â”€â”€â”€â”€â”€â”€â”€â”€â”€â”€â”€â”€â”€â”€â”€

X [ERROR] A request to the Cloudflare API (/accounts/YOUR_ACCOUNT_ID/workers/services/feedback-dashboard) failed.

  Could not route to /client/v4/accounts/YOUR_ACCOUNT_ID/workers/services/feedback-dashboard,
  perhaps your object identifier is invalid? [code: 7003]

  If you think this is a bug, please open an issue at:
  https://github.com/cloudflare/workers-sdk/issues/new/choose


ğŸªµ  Logs were written to "C:\Users\xelav\AppData\Roaming\xdg.config\.wrangler\logs\wrangler-2026-01-28_17-21-05_043.log"

C:\Users\xelav\feedback-dashboard>wrangler deploy

 â›…ï¸ wrangler 4.61.0
â”€â”€â”€â”€â”€â”€â”€â”€â”€â”€â”€â”€â”€â”€â”€â”€â”€â”€â”€
Total Upload: 13.57 KiB / gzip: 4.10 KiB
Your Worker has access to the following bindings:
Binding                              Resource
env.FEEDBACK_KV (feedback_data)      KV Namespace


X [ERROR] A request to the Cloudflare API (/accounts/f9b5e5b5e64b4fabe5f271e2505d12ed/workers/scripts/feedback-dashboard) failed.

  KV namespace 'feedback_data' is not valid.  [code: 10042]

  If you think this is a bug, please open an issue at:
  https://github.com/cloudflare/workers-sdk/issues/new/choose


ğŸªµ  Logs were written to "C:\Users\xelav\AppData\Roaming\xdg.config\.wrangler\logs\wrangler-2026-01-28_17-24-11_897.log"

C:\Users\xelav\feedback-dashboard>wrangler deploy

 â›…ï¸ wrangler 4.61.0
â”€â”€â”€â”€â”€â”€â”€â”€â”€â”€â”€â”€â”€â”€â”€â”€â”€â”€â”€
Total Upload: 13.57 KiB / gzip: 4.10 KiB
Your Worker has access to the following bindings:
Binding                                                 Resource
env.FEEDBACK_KV (f7efbcbf7bbf464cbb8aa08cb005be5a)      KV Namespace

Uploaded feedback-dashboard (6.66 sec)
Deployed feedback-dashboard triggers (7.26 sec)
  https://feedback-dashboard.alexvillegas00.workers.dev
Current Version ID: db86aed0-b6d9-462f-8313-dfc1aa7016da

C:\Users\xelav\feedback-dashboard>wrangler d1 create feedback-db

 â›…ï¸ wrangler 4.61.0
â”€â”€â”€â”€â”€â”€â”€â”€â”€â”€â”€â”€â”€â”€â”€â”€â”€â”€â”€

X [ERROR] A database with that name already exists


ğŸªµ  Logs were written to "C:\Users\xelav\AppData\Roaming\xdg.config\.wrangler\logs\wrangler-2026-01-28_17-31-41_664.log"

C:\Users\xelav\feedback-dashboard>wrangler d1 create feedback-db

 â›…ï¸ wrangler 4.61.0
â”€â”€â”€â”€â”€â”€â”€â”€â”€â”€â”€â”€â”€â”€â”€â”€â”€â”€â”€
âœ… Successfully created DB 'feedback-db' in region WEUR
Created your new D1 database.

To access your new D1 Database in your Worker, add the following snippet to your configuration file:
[[d1_databases]]
binding = "feedback_db"
database_name = "feedback-db"
database_id = "dc6364ba-dc92-418c-84db-96c02396231c"


C:\Users\xelav\feedback-dashboard>wrangler deploy

 â›…ï¸ wrangler 4.61.0
â”€â”€â”€â”€â”€â”€â”€â”€â”€â”€â”€â”€â”€â”€â”€â”€â”€â”€â”€
Total Upload: 17.96 KiB / gzip: 4.47 KiB
Your Worker has access to the following bindings:
Binding                                                 Resource
env.FEEDBACK_KV (f7efbcbf7bbf464cbb8aa08cb005be5a)      KV Namespace
env.DB (feedback-db)                                    D1 Database

Uploaded feedback-dashboard (9.88 sec)
Deployed feedback-dashboard triggers (4.30 sec)
  https://feedback-dashboard.alexvillegas00.workers.dev
Current Version ID: 941a131e-0c22-4e2c-bd5c-e3adc8ce0656

C:\Users\xelav\feedback-dashboard>$url = "https://feedback-dashboard.alexvillegas00.workers.dev"
'$url' is not recognized as an internal or external command,
operable program or batch file.

C:\Users\xelav\feedback-dashboard>curl = "https://feedback-dashboard.alexvillegas00.workers.dev"
curl: (3) URL rejected: Bad hostname
<!DOCTYPE html>
<html lang="en">
<head>
  <meta charset="UTF-8">
  <meta name="viewport" content="width=device-width, initial-scale=1.0">
  <title>Feedback Aggregator Dashboard</title>
  <style>
    :root {
      --cloudflare-orange: #f38020;
      --cloudflare-blue: #1e8feb;
      --cloudflare-purple: #8a4baf;
    }
    body {
      font-family: -apple-system, BlinkMacSystemFont, 'Segoe UI', Roboto, sans-serif;
      margin: 0;
      padding: 20px;
      background: linear-gradient(135deg, #667eea 0%, #764ba2 100%);
      min-height: 100vh;
    }
    .container {
      max-width: 1200px;
      margin: 0 auto;
    }
    .header {
      background: rgba(255, 255, 255, 0.95);
      padding: 25px;
      border-radius: 15px;
      margin-bottom: 30px;
      box-shadow: 0 10px 30px rgba(0,0,0,0.1);
    }
    h1 {
      color: #333;
      margin: 0 0 10px 0;
    }
    .subtitle {
      color: #666;
      font-size: 16px;
    }
    .cloudflare-badge {
      display: inline-block;
      background: var(--cloudflare-orange);
      color: white;
      padding: 4px 12px;
      border-radius: 20px;
      font-size: 12px;
      font-weight: 600;
      margin: 0 5px;
    }
    .architecture-grid {
      display: grid;
      grid-template-columns: repeat(3, 1fr);
      gap: 20px;
      margin: 30px 0;
    }
    .product-card {
      background: white;
      padding: 20px;
      border-radius: 10px;
      box-shadow: 0 5px 15px rgba(0,0,0,0.1);
      transition: transform 0.3s ease;
    }
    .product-card:hover {
      transform: translateY(-5px);
    }
    .product-card.workers { border-top: 4px solid var(--cloudflare-orange); }
    .product-card.kv { border-top: 4px solid var(--cloudflare-blue); }
    .product-card.d1 { border-top: 4px solid var(--cloudflare-purple); }
    .metric-grid {
      display: grid;
      grid-template-columns: repeat(4, 1fr);
      gap: 15px;
      margin: 20px 0;
    }
    .metric-card {
      background: white;
      padding: 20px;
      border-radius: 10px;
      text-align: center;
      box-shadow: 0 3px 10px rgba(0,0,0,0.1);
    }
    .controls {
      display: flex;
      gap: 10px;
      flex-wrap: wrap;
      margin: 20px 0;
    }
    button {
      background: var(--cloudflare-orange);
      color: white;
      border: none;
      padding: 12px 24px;
      border-radius: 8px;
      cursor: pointer;
      font-size: 14px;
      font-weight: 600;
      transition: all 0.3s ease;
    }
    button:hover {
      background: #d96c0c;
      transform: translateY(-2px);
    }
    .result-panel {
      background: white;
      padding: 20px;
      border-radius: 10px;
      margin: 20px 0;
      max-height: 400px;
      overflow-y: auto;
    }
    pre {
      background: #f5f5f5;
      padding: 15px;
      border-radius: 5px;
      white-space: pre-wrap;
      font-family: 'Courier New', monospace;
      font-size: 12px;
    }
    .architecture-diagram {
      background: white;
      padding: 20px;
      border-radius: 10px;
      margin: 20px 0;
      font-family: monospace;
      line-height: 1.4;
    }
  </style>
</head>
<body>
  <div class="container">
    <div class="header">
      <h1>ğŸ“Š Feedback Aggregator Dashboard</h1>
      <p class="subtitle">Built with <span class="cloudflare-badge">Cloudflare Workers</span>, <span class="cloudflare-badge">KV</span>, and <span class="cloudflare-badge">D1</span></p>
      <p>Deployed at: <strong>feedback-dashboard.alexvillegas00.workers.dev</strong></p>
    </div>

    <div class="architecture-grid">
      <div class="product-card workers">
        <h3><span class="cloudflare-badge">Cloudflare Workers</span></h3>
        <p><strong>Purpose:</strong> Edge compute & hosting</p>
        <p><strong>Why:</strong> Global deployment with &lt;50ms latency</p>
        <p><strong>Implementation:</strong> Serves API and dashboard globally</p>
      </div>
      <div class="product-card kv">
        <h3><span class="cloudflare-badge">Cloudflare KV</span></h3>
        <p><strong>Purpose:</strong> Key-value storage</p>
        <p><strong>Why:</strong> Fast, persistent storage at the edge</p>
        <p><strong>Implementation:</strong> Stores feedback items with metadata</p>
      </div>
      <div class="product-card d1">
        <h3><span class="cloudflare-badge">Cloudflare D1</span></h3>
        <p><strong>Purpose:</strong> SQL database for analytics</p>
        <p><strong>Why:</strong> Complex queries and reporting</p>
        <p><strong>Implementation:</strong> Analytics and trend analysis</p>
      </div>
    </div>

    <div class="architecture-diagram">
      <h3>Architecture Overview</h3>
      <pre>
â”Œâ”€â”€â”€â”€â”€â”€â”€â”€â”€â”€â”€â”€â”€â”€â”€â”€â”€â”€â”€â”€â”€â”€â”€â”€â”€â”€â”€â”€â”€â”€â”€â”€â”€â”€â”€â”€â”€â”€â”€â”€â”€â”€â”€â”€â”€â”€â”€â”€â”€â”€â”€â”€â”€â”€â”€â”€â”€â”€â”€â”€â”€â”
â”‚               Cloudflare Developer Platform                 â”‚
â”œâ”€â”€â”€â”€â”€â”€â”€â”€â”€â”€â”€â”€â”€â”€â”€â”€â”€â”€â”€â”€â”€â”€â”€â”€â”€â”€â”€â”€â”€â”€â”€â”€â”€â”€â”€â”€â”€â”€â”€â”€â”€â”€â”€â”€â”€â”€â”€â”€â”€â”€â”€â”€â”€â”€â”€â”€â”€â”€â”€â”€â”€â”¤
â”‚ Products Used:                                             â”‚
â”‚ 1. Cloudflare Workers - Edge compute & API serving         â”‚
â”‚ 2. Cloudflare KV - Key-value storage for feedback          â”‚
â”‚ 3. Cloudflare D1 - SQL database for analytics              â”‚
â”‚                                                            â”‚
â”‚ Data Flow:                                                 â”‚
â”‚                                                             â”‚
â”‚   Feedback â†’ Worker API â†’ Store in KV + D1 â†’ Dashboard     â”‚
â”‚                                                             â”‚
â”‚ Benefits:                                                  â”‚
â”‚ â€¢ Global deployment via 300+ edge locations                â”‚
â”‚ â€¢ Persistent storage with KV                               â”‚
â”‚ â€¢ SQL queries for complex analytics with D1                â”‚
â”‚ â€¢ Automatic scaling and high availability                  â”‚
â””â”€â”€â”€â”€â”€â”€â”€â”€â”€â”€â”€â”€â”€â”€â”€â”€â”€â”€â”€â”€â”€â”€â”€â”€â”€â”€â”€â”€â”€â”€â”€â”€â”€â”€â”€â”€â”€â”€â”€â”€â”€â”€â”€â”€â”€â”€â”€â”€â”€â”€â”€â”€â”€â”€â”€â”€â”€â”€â”€â”€â”€â”˜
      </pre>
    </div>

    <div class="controls">
      <button onclick="addSample()">â• Add Sample Feedback</button>
      <button onclick="getFeedback()">ğŸ“‹ Get All Feedback</button>
      <button onclick="getAnalytics()">ğŸ“Š Get Analytics</button>
      <button onclick="resetData()" style="background: #dc3545;">ğŸ—‘ï¸ Reset Data</button>
    </div>

    <div class="metric-grid">
      <div class="metric-card">
        <h4>Total Feedback</h4>
        <h2 id="totalCount">0</h2>
      </div>
      <div class="metric-card">
        <h4>Storage Type</h4>
        <h2 id="storageType">KV</h2>
      </div>
      <div class="metric-card">
        <h4>Response Time</h4>
        <h2 id="responseTime">0ms</h2>
      </div>
      <div class="metric-card">
        <h4>Status</h4>
        <h2 id="status">Ready</h2>
      </div>
    </div>

    <div class="result-panel">
      <h3>API Results</h3>
      <pre id="output">Click buttons above to see results...</pre>
    </div>
  </div>

  <script>
    const API_BASE = window.location.origin;

    async function addSample() {
      setStatus('Adding sample feedback...');
      const start = Date.now();

      const sources = ['GitHub Issues', 'Discord Community', 'Email Support', 'Twitter', 'Community Forum'];
      const sentiments = ['positive', 'negative', 'neutral'];
      const texts = [
        'Great product! The new API is fantastic.',
        'Experiencing 500 errors with file uploads.',
        'Could we get more documentation for the Workers API?',
        'Customer support was very helpful today.',
        'Feature request: Add webhook notifications.'
      ];

      const data = {
        source: sources[Math.floor(Math.random() * sources.length)],
        text: texts[Math.floor(Math.random() * texts.length)],
        sentiment: sentiments[Math.floor(Math.random() * sentiments.length)],
        urgency: Math.floor(Math.random() * 5) + 1,
        category: 'feature'
      };

      try {
        const response = await fetch(API_BASE + '/api/feedback', {
          method: 'POST',
          headers: { 'Content-Type': 'application/json' },
          body: JSON.stringify(data)
        });

        const result = await response.json();
        const time = Date.now() - start;

        document.getElementById('output').textContent = JSON.stringify(result, null, 2);
        document.getElementById('responseTime').textContent = time + 'ms';
        setStatus('âœ… Added successfully');

        // Update total count
        setTimeout(getAnalytics, 500);
      } catch (error) {
        document.getElementById('output').textContent = 'Error: ' + error.message;
        setStatus('âŒ Failed');
      }
    }

    async function getFeedback() {
      setStatus('Fetching feedback...');
      const start = Date.now();

      try {
        const response = await fetch(API_BASE + '/api/feedback');
        const result = await response.json();
        const time = Date.now() - start;

        document.getElementById('output').textContent = JSON.stringify(result, null, 2);
        document.getElementById('responseTime').textContent = time + 'ms';
        setStatus('âœ… Retrieved');

        if (result.data) {
          document.getElementById('totalCount').textContent = result.data.length;
          document.getElementById('storageType').textContent = result.source || 'KV';
        }
      } catch (error) {
        document.getElementById('output').textContent = 'Error: ' + error.message;
        setStatus('âŒ Failed');
      }
    }

    async function getAnalytics() {
      setStatus('Analyzing data...');
      const start = Date.now();

      try {
        const response = await fetch(API_BASE + '/api/analyze');
        const result = await response.json();
        const time = Date.now() - start;

        document.getElementById('output').textContent = JSON.stringify(result, null, 2);
        document.getElementById('responseTime').textContent = time + 'ms';
        document.getElementById('storageType').textContent = result.source || 'D1';
        document.getElementById('totalCount').textContent = result.total || 0;
        setStatus('âœ… Analytics ready');
      } catch (error) {
        document.getElementById('output').textContent = 'Error: ' + error.message;
        setStatus('âŒ Failed');
      }
    }

    async function resetData() {
      if (!confirm('Are you sure you want to clear all feedback data?')) return;

      setStatus('Clearing data...');

      try {
        const response = await fetch(API_BASE + '/api/reset');
        const result = await response.json();

        document.getElementById('output').textContent = JSON.stringify(result, null, 2);
        document.getElementById('totalCount').textContent = '0';
        setStatus('âœ… Data cleared');
      } catch (error) {
        document.getElementById('output').textContent = 'Error: ' + error.message;
        setStatus('âŒ Failed');
      }
    }

    function setStatus(text) {
      document.getElementById('status').textContent = text;
      document.getElementById('status').style.color = text.includes('âœ…') ? '#28a745' :
                                                      text.includes('âŒ') ? '#dc3545' : '#666';
    }

    // Initial load
    getAnalytics();
  </script>
</body>
</html>
C:\Users\xelav\feedback-dashboard>curl "$url/api/feedback"
curl: (3) URL rejected: Bad hostname

C:\Users\xelav\feedback-dashboard>$url = "https://feedback-dashboard.alexvillegas00.workers.dev"
'$url' is not recognized as an internal or external command,
operable program or batch file.

C:\Users\xelav\feedback-dashboard>Start-Process $url
'Start-Process' is not recognized as an internal or external command,
operable program or batch file.

C:\Users\xelav\feedback-dashboard>wrangler deploy

 â›…ï¸ wrangler 4.61.0
â”€â”€â”€â”€â”€â”€â”€â”€â”€â”€â”€â”€â”€â”€â”€â”€â”€â”€â”€
Total Upload: 17.96 KiB / gzip: 4.47 KiB
Your Worker has access to the following bindings:
Binding                                                 Resource
env.FEEDBACK_KV (f7efbcbf7bbf464cbb8aa08cb005be5a)      KV Namespace
env.DB (feedback-db)                                    D1 Database

Uploaded feedback-dashboard (14.20 sec)
Deployed feedback-dashboard triggers (5.13 sec)
  https://feedback-dashboard.alexvillegas00.workers.dev
Current Version ID: c36a5001-a9d2-473c-9174-e73d22491de9

C:\Users\xelav\feedback-dashboard>wrangler dev

 â›…ï¸ wrangler 4.61.0
â”€â”€â”€â”€â”€â”€â”€â”€â”€â”€â”€â”€â”€â”€â”€â”€â”€â”€â”€
Your Worker has access to the following bindings:
Binding                                                 Resource          Mode
env.FEEDBACK_KV (f7efbcbf7bbf464cbb8aa08cb005be5a)      KV Namespace      local
env.DB (feedback-db)                                    D1 Database       local

â•­â”€â”€â”€â”€â”€â”€â”€â”€â”€â”€â”€â”€â”€â”€â”€â”€â”€â”€â”€â”€â”€â”€â”€â”€â”€â”€â”€â”€â”€â”€â”€â”€â”€â”€â”€â”€â”€â”€â”€â”€â”€â”€â”€â”€â”€â”€â”€â”€â”€â”€â”€â”€â”€â”€â”€â”€â”€â”€â”€â”€â”€â”€â”€â”€â”€â”€â”€â”€â”€â”€â•®
â”‚  [b] open a browser [d] open devtools [c] clear console [x] to exit  â”‚
â•°â”€â”€â”€â”€â”€â”€â”€â”€â”€â”€â”€â”€â”€â”€â”€â”€â”€â”€â”€â”€â”€â”€â”€â”€â”€â”€â”€â”€â”€â”€â”€â”€â”€â”€â”€â”€â”€â”€â”€â”€â”€â”€â”€â”€â”€â”€â”€â”€â”€â”€â”€â”€â”€â”€â”€â”€â”€â”€â”€â”€â”€â”€â”€â”€â”€â”€â”€â”€â”€â”€â•¯
â” Starting local server...
[wrangler:info] Ready on http://127.0.0.1:8787
[wrangler:info] GET / 200 OK (32ms)
D1 query failed, using KV: D1_ERROR: no such table: feedback: SQLITE_ERROR
[wrangler:info] GET /api/analyze 200 OK (177ms)
âš ï¸ D1 not configured, using KV only: D1_ERROR: no such table: feedback: SQLITE_ERROR
[wrangler:info] POST /api/feedback 200 OK (29ms)
D1 query failed, using KV: D1_ERROR: no such table: feedback: SQLITE_ERROR
[wrangler:info] GET /api/analyze 200 OK (35ms)
[wrangler:info] GET /api/feedback 200 OK (16ms)
D1 query failed, using KV: D1_ERROR: no such table: feedback: SQLITE_ERROR
[wrangler:info] GET /api/analyze 200 OK (28ms)
D1 query failed, using KV: D1_ERROR: no such table: feedback: SQLITE_ERROR
[wrangler:info] GET /api/analyze 200 OK (29ms)
âš ï¸ D1 not configured, using KV only: D1_ERROR: no such table: feedback: SQLITE_ERROR
[wrangler:info] POST /api/feedback 200 OK (16ms)
D1 query failed, using KV: D1_ERROR: no such table: feedback: SQLITE_ERROR
[wrangler:info] GET /api/analyze 200 OK (31ms)
âš ï¸ D1 not configured, using KV only: D1_ERROR: no such table: feedback: SQLITE_ERROR
[wrangler:info] POST /api/feedback 200 OK (17ms)
D1 query failed, using KV: D1_ERROR: no such table: feedback: SQLITE_ERROR
[wrangler:info] GET /api/analyze 200 OK (30ms)
âš ï¸ D1 not configured, using KV only: D1_ERROR: no such table: feedback: SQLITE_ERROR
[wrangler:info] POST /api/feedback 200 OK (31ms)
âš ï¸ D1 not configured, using KV only: D1_ERROR: no such table: feedback: SQLITE_ERROR
[wrangler:info] POST /api/feedback 200 OK (19ms)
D1 query failed, using KV: D1_ERROR: no such table: feedback: SQLITE_ERROR
[wrangler:info] GET /api/analyze 200 OK (33ms)
D1 query failed, using KV: D1_ERROR: no such table: feedback: SQLITE_ERROR
[wrangler:info] GET /api/analyze 200 OK (38ms)
âš ï¸ D1 not configured, using KV only: D1_ERROR: no such table: feedback: SQLITE_ERROR
[wrangler:info] POST /api/feedback 200 OK (25ms)
âš ï¸ D1 not configured, using KV only: D1_ERROR: no such table: feedback: SQLITE_ERROR
[wrangler:info] POST /api/feedback 200 OK (16ms)
D1 query failed, using KV: D1_ERROR: no such table: feedback: SQLITE_ERROR
[wrangler:info] GET /api/analyze 200 OK (25ms)
D1 query failed, using KV: D1_ERROR: no such table: feedback: SQLITE_ERROR
[wrangler:info] GET /api/analyze 200 OK (27ms)
D1 query failed, using KV: D1_ERROR: no such table: feedback: SQLITE_ERROR
[wrangler:info] GET /api/analyze 200 OK (26ms)
â” Shutting down local server...

C:\Users\xelav\feedback-dashboard>wrangler dev

 â›…ï¸ wrangler 4.61.0
â”€â”€â”€â”€â”€â”€â”€â”€â”€â”€â”€â”€â”€â”€â”€â”€â”€â”€â”€
Your Worker has access to the following bindings:
Binding                                                 Resource          Mode
env.FEEDBACK_KV (f7efbcbf7bbf464cbb8aa08cb005be5a)      KV Namespace      local
env.DB (feedback-db)                                    D1 Database       local

â•­â”€â”€â”€â”€â”€â”€â”€â”€â”€â”€â”€â”€â”€â”€â”€â”€â”€â”€â”€â”€â”€â”€â”€â”€â”€â”€â”€â”€â”€â”€â”€â”€â”€â”€â”€â”€â”€â”€â”€â”€â”€â”€â”€â”€â”€â”€â”€â”€â”€â”€â”€â”€â”€â”€â”€â”€â”€â”€â”€â”€â”€â”€â”€â”€â”€â”€â”€â”€â”€â”€â•®
â”‚  [b] open a browser [d] open devtools [c] clear console [x] to exit  â”‚
â•°â”€â”€â”€â”€â”€â”€â”€â”€â”€â”€â”€â”€â”€â”€â”€â”€â”€â”€â”€â”€â”€â”€â”€â”€â”€â”€â”€â”€â”€â”€â”€â”€â”€â”€â”€â”€â”€â”€â”€â”€â”€â”€â”€â”€â”€â”€â”€â”€â”€â”€â”€â”€â”€â”€â”€â”€â”€â”€â”€â”€â”€â”€â”€â”€â”€â”€â”€â”€â”€â”€â•¯
â” Starting local server...
[wrangler:info] Ready on http://127.0.0.1:8787
[wrangler:info] GET / 200 OK (28ms)
[wrangler:info] GET /api/analyze 200 OK (4ms)
[wrangler:info] GET /api/feedback 200 OK (5ms)
[wrangler:info] POST /api/feedback 200 OK (10ms)
[wrangler:info] GET /api/analyze 200 OK (6ms)
[wrangler:info] GET /api/feedback 200 OK (6ms)
[wrangler:info] POST /api/feedback 200 OK (8ms)
[wrangler:info] GET /api/analyze 200 OK (6ms)
[wrangler:info] GET /api/feedback 200 OK (5ms)
[wrangler:info] POST /api/feedback 200 OK (3ms)
[wrangler:info] GET /api/analyze 200 OK (4ms)
[wrangler:info] GET /api/feedback 200 OK (3ms)
[wrangler:info] POST /api/feedback 200 OK (2ms)
[wrangler:info] GET /api/analyze 200 OK (2ms)
[wrangler:info] GET /api/feedback 200 OK (15ms)
[wrangler:info] POST /api/feedback 200 OK (4ms)
[wrangler:info] GET /api/analyze 200 OK (4ms)
[wrangler:info] GET /api/feedback 200 OK (3ms)
[wrangler:info] GET /api/analyze 200 OK (3ms)
[wrangler:info] GET /api/feedback 200 OK (5ms)
[wrangler:info] GET /api/analyze 200 OK (2ms)
[wrangler:info] GET /api/feedback 200 OK (2ms)
â” Shutting down local server...

C:\Users\xelav\feedback-dashboard>wrangler dev

 â›…ï¸ wrangler 4.61.0
â”€â”€â”€â”€â”€â”€â”€â”€â”€â”€â”€â”€â”€â”€â”€â”€â”€â”€â”€

X [ERROR] Build failed with 1 error:

  X [ERROR] Expected ";" but found "$"

      src/index.js:800:51:
        800 â”‚ ...onst element =
  document.getElementById(`${stat.platform}-count`);
            â”‚                                            ^
            â•µ                                            ;




ğŸªµ  Logs were written to "C:\Users\xelav\AppData\Roaming\xdg.config\.wrangler\logs\wrangler-2026-01-28_17-53-53_329.log"
Assertion failed: !(handle->flags & UV_HANDLE_CLOSING), file src\win\async.c, line 76

C:\Users\xelav\feedback-dashboard>wrangler dev

 â›…ï¸ wrangler 4.61.0
â”€â”€â”€â”€â”€â”€â”€â”€â”€â”€â”€â”€â”€â”€â”€â”€â”€â”€â”€
Your Worker has access to the following bindings:
Binding                                                 Resource          Mode
env.FEEDBACK_KV (f7efbcbf7bbf464cbb8aa08cb005be5a)      KV Namespace      local
env.DB (feedback-db)                                    D1 Database       local

â•­â”€â”€â”€â”€â”€â”€â”€â”€â”€â”€â”€â”€â”€â”€â”€â”€â”€â”€â”€â”€â”€â”€â”€â”€â”€â”€â”€â”€â”€â”€â”€â”€â”€â”€â”€â”€â”€â”€â”€â”€â”€â”€â”€â”€â”€â”€â”€â”€â”€â”€â”€â”€â”€â”€â”€â”€â”€â”€â”€â”€â”€â”€â”€â”€â”€â”€â”€â”€â”€â”€â•®
â”‚  [b] open a browser [d] open devtools [c] clear console [x] to exit  â”‚
â•°â”€â”€â”€â”€â”€â”€â”€â”€â”€â”€â”€â”€â”€â”€â”€â”€â”€â”€â”€â”€â”€â”€â”€â”€â”€â”€â”€â”€â”€â”€â”€â”€â”€â”€â”€â”€â”€â”€â”€â”€â”€â”€â”€â”€â”€â”€â”€â”€â”€â”€â”€â”€â”€â”€â”€â”€â”€â”€â”€â”€â”€â”€â”€â”€â”€â”€â”€â”€â”€â”€â•¯
â” Starting local server...
[wrangler:info] Ready on http://127.0.0.1:8787
[wrangler:info] GET / 200 OK (7ms)
D1 query failed, using KV: D1_ERROR: no such table: feedback: SQLITE_ERROR
[wrangler:info] GET /api/analyze 200 OK (192ms)
D1 query failed, using KV: D1_ERROR: no such table: feedback: SQLITE_ERROR
[wrangler:info] GET /api/analyze 200 OK (27ms)
[wrangler:info] GET /api/feedback 200 OK (18ms)
â” Reloading local server...
â” Local server updated and ready
â” Shutting down local server...

C:\Users\xelav\feedback-dashboard>wrangler dev

 â›…ï¸ wrangler 4.61.0
â”€â”€â”€â”€â”€â”€â”€â”€â”€â”€â”€â”€â”€â”€â”€â”€â”€â”€â”€
Your Worker has access to the following bindings:
Binding                                                 Resource          Mode
env.FEEDBACK_KV (f7efbcbf7bbf464cbb8aa08cb005be5a)      KV Namespace      local
env.DB (feedback-db)                                    D1 Database       local

â•­â”€â”€â”€â”€â”€â”€â”€â”€â”€â”€â”€â”€â”€â”€â”€â”€â”€â”€â”€â”€â”€â”€â”€â”€â”€â”€â”€â”€â”€â”€â”€â”€â”€â”€â”€â”€â”€â”€â”€â”€â”€â”€â”€â”€â”€â”€â”€â”€â”€â”€â”€â”€â”€â”€â”€â”€â”€â”€â”€â”€â”€â”€â”€â”€â”€â”€â”€â”€â”€â”€â•®
â”‚  [b] open a browser [d] open devtools [c] clear console [x] to exit  â”‚
â•°â”€â”€â”€â”€â”€â”€â”€â”€â”€â”€â”€â”€â”€â”€â”€â”€â”€â”€â”€â”€â”€â”€â”€â”€â”€â”€â”€â”€â”€â”€â”€â”€â”€â”€â”€â”€â”€â”€â”€â”€â”€â”€â”€â”€â”€â”€â”€â”€â”€â”€â”€â”€â”€â”€â”€â”€â”€â”€â”€â”€â”€â”€â”€â”€â”€â”€â”€â”€â”€â”€â•¯
â” Starting local server...
[wrangler:info] Ready on http://127.0.0.1:8787
[wrangler:info] GET /api/analyze 200 OK (178ms)
[wrangler:info] GET /api/feedback 200 OK (2ms)
[wrangler:info] GET / 200 OK (3ms)
[wrangler:info] GET /api/analyze 200 OK (3ms)
[wrangler:info] GET /api/feedback 200 OK (4ms)
[wrangler:info] POST /api/feedback 200 OK (4ms)
[wrangler:info] GET /api/analyze 200 OK (5ms)
[wrangler:info] GET /api/feedback 200 OK (3ms)
[wrangler:info] POST /api/feedback 200 OK (2ms)
[wrangler:info] GET /api/analyze 200 OK (3ms)
[wrangler:info] GET /api/feedback 200 OK (4ms)
[wrangler:info] POST /api/feedback 200 OK (2ms)
[wrangler:info] GET /api/analyze 200 OK (3ms)
[wrangler:info] GET /api/feedback 200 OK (3ms)
[wrangler:info] POST /api/feedback 200 OK (5ms)
[wrangler:info] GET /api/analyze 200 OK (3ms)
[wrangler:info] GET /api/feedback 200 OK (4ms)
[wrangler:info] POST /api/feedback 200 OK (3ms)
[wrangler:info] GET /api/analyze 200 OK (3ms)
[wrangler:info] GET /api/feedback 200 OK (5ms)
[wrangler:info] GET /api/analyze 200 OK (4ms)
[wrangler:info] GET /api/feedback 200 OK (4ms)
[wrangler:info] GET /api/analyze 200 OK (3ms)
[wrangler:info] GET /api/feedback 200 OK (4ms)
[wrangler:info] GET /api/analyze 200 OK (5ms)
[wrangler:info] GET /api/feedback 200 OK (3ms)
[wrangler:info] GET /api/analyze 200 OK (9ms)
[wrangler:info] GET /api/feedback 200 OK (4ms)
[wrangler:info] GET /api/analyze 200 OK (3ms)
[wrangler:info] GET /api/feedback 200 OK (3ms)
[wrangler:info] GET /api/analyze 200 OK (10ms)
[wrangler:info] GET /api/feedback 200 OK (3ms)
â” Shutting down local server...

C:\Users\xelav\feedback-dashboard>wrangler deploy

 â›…ï¸ wrangler 4.61.0
â”€â”€â”€â”€â”€â”€â”€â”€â”€â”€â”€â”€â”€â”€â”€â”€â”€â”€â”€
Total Upload: 13.57 KiB / gzip: 4.10 KiB
Your Worker has access to the following bindings:
Binding                                                 Resource
env.FEEDBACK_KV (f7efbcbf7bbf464cbb8aa08cb005be5a)      KV Namespace
env.DB (feedback-db)                                    D1 Database

Uploaded feedback-dashboard (9.37 sec)
Deployed feedback-dashboard triggers (4.82 sec)
  https://feedback-dashboard.alexvillegas00.workers.dev
Current Version ID: a5ae110d-3de7-4bf5-af9d-6c865d0a7b7d

C:\Users\xelav\feedback-dashboard>